ASUS@DESKTOP-KMGC2LC MINGW64 /d/UP
$ git init
Initialized empty Git repository in D:/UP/.git/

ASUS@DESKTOP-KMGC2LC MINGW64 /d/UP (master)
$ git config --global user.email vanya.kolodko.24@gmail.com

ASUS@DESKTOP-KMGC2LC MINGW64 /d/UP (master)
$ git config --global user.name Ivan Kolodko

ASUS@DESKTOP-KMGC2LC MINGW64 /d/UP (master)
$ git status
On branch master

Initial commit

Untracked files:
  (use "git add <file>..." to include in what will be committed)

        .idea/
        HelloWorld.iml

nothing added to commit but untracked files present (use "git add" to track)



ASUS@DESKTOP-KMGC2LC MINGW64 /d/UP
$ git init
Initialized empty Git repository in D:/UP/.git/

ASUS@DESKTOP-KMGC2LC MINGW64 /d/UP (master)
$ git config --global user.email vanya.kolodko.24@gmail.com

ASUS@DESKTOP-KMGC2LC MINGW64 /d/UP (master)
$ git config --global user.name Ivan Kolodko

ASUS@DESKTOP-KMGC2LC MINGW64 /d/UP (master)
$ git status
On branch master

Initial commit

Untracked files:
  (use "git add <file>..." to include in what will be committed)

        .idea/
        HelloWorld.iml

nothing added to commit but untracked files present (use "git add" to track)

ASUS@DESKTOP-KMGC2LC MINGW64 /d/UP (master)
$ ^C

ASUS@DESKTOP-KMGC2LC MINGW64 /d/UP (master)
$ git add .gitignore
fatal: pathspec '.gitignore' did not match any files

ASUS@DESKTOP-KMGC2LC MINGW64 /d/UP (master)
$ git commit -m "Add .gitignore"
On branch master

Initial commit

Untracked files:
        .gitignore.txt
        .idea/
        HelloWorld.iml

nothing added to commit but untracked files present

ASUS@DESKTOP-KMGC2LC MINGW64 /d/UP (master)
$ git status
On branch master

Initial commit

Untracked files:
  (use "git add <file>..." to include in what will be committed)

        .gitignore.txt
        .idea/
        HelloWorld.iml

nothing added to commit but untracked files present (use "git add" to track)

ASUS@DESKTOP-KMGC2LC MINGW64 /d/UP (master)
$ git add .gitignore.txt

ASUS@DESKTOP-KMGC2LC MINGW64 /d/UP (master)
$ .git commit -m "Add .gitignore.txt"
bash: .git: command not found

ASUS@DESKTOP-KMGC2LC MINGW64 /d/UP (master)
$ git status
On branch master

Initial commit

Changes to be committed:
  (use "git rm --cached <file>..." to unstage)

        new file:   .gitignore.txt

Untracked files:
  (use "git add <file>..." to include in what will be committed)

        .idea/
        HelloWorld.iml


ASUS@DESKTOP-KMGC2LC MINGW64 /d/UP (master)
$ git add .gitignore

ASUS@DESKTOP-KMGC2LC MINGW64 /d/UP (master)
$ git commit -m "Add .gitignore"
[master (root-commit) 0c7b052] Add .gitignore
 2 files changed, 6 insertions(+)
 create mode 100644 .gitignore
 create mode 100644 .gitignore.txt

ASUS@DESKTOP-KMGC2LC MINGW64 /d/UP (master)
$ git status
On branch master
Changes not staged for commit:
  (use "git add/rm <file>..." to update what will be committed)
  (use "git checkout -- <file>..." to discard changes in working directory)

        deleted:    .gitignore.txt

no changes added to commit (use "git add" and/or "git commit -a")
